typedef  struct TYPE_3__ {char c; int i; } TYPE_1__ ;
typedef  TYPE_1__* T ;
