/* Forward declarations */
typedef  struct TYPE_3__   TYPE_1__ ;

/* Type definitions */
struct TYPE_3__ {int member_0; int /*<<< orphan or scalar*/ member_1; } ;
typedef  TYPE_1__ T1 ;

/* Variables */
#define  x1 128 

