typedef  struct TYPE_4__ {int x; char* y; } TYPE_2__ ;
typedef  struct TYPE_3__ {char* x; double y; } TYPE_1__ ;
TYPE_2__ a ;
TYPE_1__ b ;
