/* Forward declarations */
typedef  struct TYPE_4__   TYPE_1__ ;

/* Type definitions */
struct TYPE_4__ {unsigned int* vector; int size; } ;
typedef  TYPE_1__ set ;

/* Variables and functions */
 int INT_BITS ; 
 int /*<<< orphan*/  malloc (int /*<<< orphan*/ ) ; 

