/* Forward declarations */

/* Type definitions */

/* Variables */
int A ; 
int B ; 
int C ; 

