/* Forward declarations */

/* Type definitions */

/* Variables */
int BASE_TYPE ; 
char* _ (char*) ; 
char* program_name ; 

