/* Forward declarations */

/* Type definitions */

/* Variables */
int /*<<< orphan or scalar*/ a ; 
#define  b 130 
#define  c 129 
#define  d 128 

