/* Forward declarations */

/* Type definitions */
typedef  int A ;

/* Variables */

