/* Forward declarations */

/* Type definitions */
struct T2 {int dummy; } ;
struct T1 {int dummy; } ;

/* Variables */
int /*<<< orphan or scalar*/ g1 (struct T1*) ; 
int /*<<< orphan or scalar*/ g2 (struct T2*) ; 
struct T1 x1 ; 
struct T2* x2 ; 

