/* Forward declarations */

/* Type definitions */
typedef  int* T ;

/* Variables */

