/* Forward declarations */
typedef  struct TYPE_15__   TYPE_7__ ;
typedef  struct TYPE_14__   TYPE_5__ ;
typedef  struct TYPE_13__   TYPE_2__ ;
typedef  struct TYPE_12__   TYPE_1__ ;

/* Type definitions */
struct Foz {TYPE_7__* jil; } ;
struct TYPE_13__ {int jack; } ;
struct Bar {TYPE_2__ bil; } ;
struct TYPE_15__ {int me; } ;
struct TYPE_14__ {TYPE_7__* jil; } ;
struct TYPE_12__ {TYPE_2__ bil; } ;

/* Variables */

