/* Forward declarations */

/* Type definitions */

/* Variables */
int c ; 
double d ; 

