/* Forward declarations */

/* Type definitions */

/* Variables and functions */
 int /*<<< orphan or scalar*/ quote (char const*) ;
