/* Forward declarations */
typedef  struct TYPE_2__   TYPE_1__ ;

/* Type definitions */
typedef  struct S {int /*<<< orphan or scalar*/ mode; } const S ;
struct TYPE_2__ {struct S const* weit; } ;

/* Variables and functions */
 TYPE_1__* ent ;
 int /*<<< orphan or scalar*/ g (struct S const*) ;

