/* Forward declarations */

/* Type definitions */

/* Variables and functions */
 int /*<<< orphan*/  ignore_value (char*) ; 
 int /*<<< orphan*/  ignore_value2 (char*) ; 
 int /*<<< orphan*/  ignore_value3 (char*) ; 
 int /*<<< orphan*/  ignore_value4 (char*) ; 
 char* parse_additional_groups ; 
 char* parse_additional_groups2 ; 
 char* parse_additional_groups3 ; 
 char* parse_additional_groups4 ; 
 char* parse_user_spec ; 
 char* parse_user_spec2 ; 
 char* parse_user_spec3 ; 
 char* parse_user_spec4 ; 

