/* Forward declarations */

/* Type definitions */
typedef  int /*<<< orphan or scalar*/ T2 ;
typedef  double T1 ;

/* Variables and functions*/

