/* Forward declarations */

/* Type definitions */

/* Variables and functions */
__scalar_t j ;
__scalar_t j1 ;
__scalar_t j2 ;
