/* Forward declarations */

/* Type definitions */
typedef  int INT ;

/* Variables and functions*/

