/* Forward declarations */

/* Type definitions */
typedef  int /*<<< orphan or scalar*/ VOID ;

/* Variables and functions*/

