/* Forward declarations */

/* Type definitions */
struct node {int w; struct node* z; struct node* y; int /*<<< orphan or scalar*/ x; } ;
struct data {struct data* m; } ;

/* Variables and functions*/
