/* Forward declarations */
typedef  struct TYPE_10__   TYPE_1__ ;

/* Type definitions */
typedef  TYPE_1__* link ;
struct TYPE_10__ {struct TYPE_10__* next; void* item; } ;
typedef  void* Item ;

/* Variables and functions */
 int /*<<< orphan*/  free (TYPE_1__*) ; 
 TYPE_1__* malloc (int) ; 

