typedef  struct TYPE_10__ {float Re; float Im; } TYPE_1__ ;
typedef  TYPE_1__* Complex ;
