/* Forward declarations */
typedef  struct TYPE_5__   TYPE_1__ ;

/* Type definitions */
typedef  TYPE_1__* link ;
struct TYPE_5__ {struct TYPE_5__* r; struct TYPE_5__* l; } ;

/* Variables and functions*/

