/* Forward declarations */

/* Type definitions */
typedef  double T ;

/* Variables */
int g (double) ; 
double h (int,char*) ; 

