/* Forward declarations */

/* Type definitions */
typedef  int numType ;

/* Variables and functions */
 int atoi (char*) ; 
 int /*<<< orphan*/  printf (char*,double) ; 
 int rand () ; 
 double sqrt (float) ; 

