/* Forward declarations */
typedef  struct TYPE_8__   TYPE_1__ ;

/* Type definitions */
typedef  TYPE_1__* link ;
struct TYPE_8__ {struct TYPE_8__* next; } ;

/* Variables */

