/* Forward declarations */

/* Type definitions */

/* Variables */

