/* Forward declarations */

/* Type definitions */
typedef  int /*<<< orphan or scalar*/ Q ;

/* Variables and functions*/
int M ; 
int /*<<< orphan or scalar*/ QUEUEempty (int /*<<< orphan or scalar*/) ; 
int QUEUEget (int /*<<< orphan or scalar*/) ; 
int /*<<< orphan or scalar*/ QUEUEinit (int) ; 
int /*<<< orphan or scalar*/ QUEUEput (int /*<<< orphan or scalar*/,int) ; 

