typedef  struct TYPE_3__ {int size; int val; } TYPE_1__ ;
int N ;
TYPE_1__* itemKnown ;
TYPE_1__* items ;
int* maxKnown ;
int unknown ;
