/* Forward declarations */
typedef  struct TYPE_8__   TYPE_1__ ;

/* Type definitions */
typedef  TYPE_1__* link ;
struct TYPE_8__ {int N; struct TYPE_8__* l; struct TYPE_8__* r; } ;

/* Variables and functions*/
TYPE_1__* z ; 

