typedef  struct TYPE_15__ {int v; int w; } TYPE_2__ ;
typedef  struct TYPE_14__ {int V; int** adj; int /*<<< orphan or scalar*/ E; } TYPE_1__ ;
typedef  TYPE_1__* Graph ;
typedef  TYPE_2__ Edge ;
TYPE_2__ EDGE (int,int) ;
int** MATRIXint (int,int,int /*<<< orphan or scalar*/) ;
